---
source: short/src/project/global.rs
expression: projects
---
projects: []
