---
source: short-core/src/project/global.rs
expression: projects
---
projects: []
