---
source: short/src/project/global.rs
expression: "&projects"
---
projects:
  - name: project_1
  - name: project_2
    current_env: dev
  - name: project_3
    path: /todo/plop/
    current_env: dev
  - name: project_4
    current_env: prod
    private_env_directory: /todo/plop
