---
source: cli/tests/command/add.rs
expression: content_dir
---
[
    "",
    "home",
    "home/.keep",
    "home/.short",
    "home/.short/projects.yaml",
    "private_env",
    "private_env/.keep",
    "project",
    "project/.keep",
    "project/short.yaml",
    "project/template.yaml",
]
