---
source: cli/tests/command/init.rs
expression: content_dir
---
[
    "",
    "home",
    "home/.keep",
    "private_env",
    "private_env/.keep",
    "project",
    "project/.keep",
    "project/short.yaml",
]
