---
source: d4d/src/projet/mod.rs
expression: r.iter().count()
---
2
