---
source: d4d/src/projet/mod.rs
expression: r
---
Ok(
    (),
)
