---
source: d4d/src/project/current.rs
expression: r.iter().count()
---
2
