---
source: d4d/src/project/current.rs
expression: read_create_projects_file
---
Ok(
    Projects {
        all: [
            Project {
                name: "project_1",
                current_env: None,
                git_secret_repo: None,
            },
        ],
    },
)
