---
source: d4d/src/project/mod.rs
expression: r
---
Ok(
    (),
)
