---
source: d4d/src/project/global.rs
expression: projects
---
Ok(
    GlobalProjects {
        all: [],
    },
)
