---
source: d4d/src/project/mod.rs
expression: "&s"
---
"---\nprojects: []"
