---
source: d4d/src/project/current.rs
expression: projects
---
Ok(
    Projects {
        all: [],
    },
)
