---
source: d4d/src/project/current.rs
expression: "&s"
---
"---\nprojects: []"
