---
source: d4d/src/project/local.rs
expression: local_projects
---
projects:
  - name: test_1
    provider:
      name: aws
      region: us-east-3
  - name: test_2
    provider:
      name: aws
      region: us-east-3
      template_path: "./test_template.yaml"
